Uninstalled 1 package in 54ms
Installed 1 package in 12ms
OK q4oTNPUsjOo: dur=15s dims=(640, 360)
OK Qe_DRjB8qrc: dur=24s dims=(640, 360)
OK N7wdswNuoaE: dur=6s dims=(640, 360)
OK xl22_e5EJ-s: dur=20s dims=(640, 360)
OK TTLhpwznHDA: dur=16s dims=(480, 360)
OK 57n3vsShesM: dur=11s dims=(480, 360)
OK JKa05rm22EQ: dur=13s dims=(640, 360)
OK 3nw8KzlD9Wc: dur=14s dims=(640, 360)
OK wEbKqqsVcRQ: dur=15s dims=(640, 360)
OK 8xZ0L-7D8_Y: dur=15s dims=(640, 360)
OK WaV-HnYyNyU: dur=7s dims=(640, 360)
OK rixKL8_tCBs: dur=11s dims=(640, 360)
OK 049mPZSA8cw: dur=6s dims=(640, 360)
OK ATUm_5o1kfk: dur=9s dims=(640, 360)
OK 5T8eTgLlcSk: dur=13s dims=(640, 360)
OK L7nvtVP9MjM: dur=10s dims=(640, 360)
OK _5jEsuIvX0c: dur=7s dims=(640, 360)
done: 17/17
